// Jest Snapshot v1, https://goo.gl/fbAQLP

exports[`renders <Header /> 1`] = `
Object {
  "asFragment": [Function],
  "baseElement": <body>
    <div>
      <header
        class="MuiPaper-root MuiPaper-elevation MuiPaper-elevation4 MuiAppBar-root MuiAppBar-colorInherit MuiAppBar-positionFixed mui-fixed css-lgkwnz-MuiPaper-root-MuiAppBar-root"
        style="box-shadow: none; border-bottom: 1px solid gray;"
      >
        <div
          class="MuiToolbar-root MuiToolbar-gutters MuiToolbar-regular css-1t29gy6-MuiToolbar-root"
          style="margin-left: 30px;"
        >
          <div
            class="MuiTypography-root MuiTypography-h6 MuiTypography-noWrap css-8u39c-MuiTypography-root"
          >
            i am header
          </div>
          <div
            class="sc-bdvvtL eGIzEi"
          >
            <div>
              right child
            </div>
          </div>
        </div>
      </header>
    </div>
  </body>,
  "container": <div>
    <header
      class="MuiPaper-root MuiPaper-elevation MuiPaper-elevation4 MuiAppBar-root MuiAppBar-colorInherit MuiAppBar-positionFixed mui-fixed css-lgkwnz-MuiPaper-root-MuiAppBar-root"
      style="box-shadow: none; border-bottom: 1px solid gray;"
    >
      <div
        class="MuiToolbar-root MuiToolbar-gutters MuiToolbar-regular css-1t29gy6-MuiToolbar-root"
        style="margin-left: 30px;"
      >
        <div
          class="MuiTypography-root MuiTypography-h6 MuiTypography-noWrap css-8u39c-MuiTypography-root"
        >
          i am header
        </div>
        <div
          class="sc-bdvvtL eGIzEi"
        >
          <div>
            right child
          </div>
        </div>
      </div>
    </header>
  </div>,
  "debug": [Function],
  "findAllByAltText": [Function],
  "findAllByDisplayValue": [Function],
  "findAllByLabelText": [Function],
  "findAllByPlaceholderText": [Function],
  "findAllByRole": [Function],
  "findAllByTestId": [Function],
  "findAllByText": [Function],
  "findAllByTitle": [Function],
  "findByAltText": [Function],
  "findByDisplayValue": [Function],
  "findByLabelText": [Function],
  "findByPlaceholderText": [Function],
  "findByRole": [Function],
  "findByTestId": [Function],
  "findByText": [Function],
  "findByTitle": [Function],
  "getAllByAltText": [Function],
  "getAllByDisplayValue": [Function],
  "getAllByLabelText": [Function],
  "getAllByPlaceholderText": [Function],
  "getAllByRole": [Function],
  "getAllByTestId": [Function],
  "getAllByText": [Function],
  "getAllByTitle": [Function],
  "getByAltText": [Function],
  "getByDisplayValue": [Function],
  "getByLabelText": [Function],
  "getByPlaceholderText": [Function],
  "getByRole": [Function],
  "getByTestId": [Function],
  "getByText": [Function],
  "getByTitle": [Function],
  "queryAllByAltText": [Function],
  "queryAllByDisplayValue": [Function],
  "queryAllByLabelText": [Function],
  "queryAllByPlaceholderText": [Function],
  "queryAllByRole": [Function],
  "queryAllByTestId": [Function],
  "queryAllByText": [Function],
  "queryAllByTitle": [Function],
  "queryByAltText": [Function],
  "queryByDisplayValue": [Function],
  "queryByLabelText": [Function],
  "queryByPlaceholderText": [Function],
  "queryByRole": [Function],
  "queryByTestId": [Function],
  "queryByText": [Function],
  "queryByTitle": [Function],
  "rerender": [Function],
  "unmount": [Function],
}
`;
