// Jest Snapshot v1, https://goo.gl/fbAQLP

exports[`renders learn react link 1`] = `
Object {
  "asFragment": [Function],
  "baseElement": <body>
    <div>
      <div
        class="sc-eCImPb"
      >
        <header
          class="MuiPaper-root MuiPaper-elevation MuiPaper-elevation4 MuiAppBar-root MuiAppBar-colorInherit MuiAppBar-positionFixed mui-fixed css-lgkwnz-MuiPaper-root-MuiAppBar-root"
          style="box-shadow: none; border-bottom: 1px solid gray;"
        >
          <div
            class="MuiToolbar-root MuiToolbar-gutters MuiToolbar-regular css-1t29gy6-MuiToolbar-root"
            style="margin-left: 30px;"
          >
            <svg
              aria-hidden="true"
              class="MuiSvgIcon-root MuiSvgIcon-fontSizeMedium css-i4bv87-MuiSvgIcon-root"
              data-testid="ShopIcon"
              focusable="false"
              viewBox="0 0 24 24"
            >
              <path
                d="M16 6V4c0-1.11-.89-2-2-2h-4c-1.11 0-2 .89-2 2v2H2v13c0 1.11.89 2 2 2h16c1.11 0 2-.89 2-2V6h-6zm-6-2h4v2h-4V4zM9 18V9l7.5 4L9 18z"
              />
            </svg>
            <div
              class="MuiTypography-root MuiTypography-h6 MuiTypography-noWrap css-8u39c-MuiTypography-root"
            >
              partner home
            </div>
            <div
              class="sc-bdvvtL eGIzEi"
            >
              <div
                class="MuiTypography-root MuiTypography-h6 css-2ulfj5-MuiTypography-root"
              >
                ankita
              </div>
              <button
                aria-controls="menu-appbar"
                aria-haspopup="true"
                aria-label="account of current user"
                class="MuiButtonBase-root MuiIconButton-root MuiIconButton-colorInherit MuiIconButton-sizeLarge css-1pz7awu-MuiButtonBase-root-MuiIconButton-root"
                tabindex="0"
                type="button"
              >
                <svg
                  aria-hidden="true"
                  class="MuiSvgIcon-root MuiSvgIcon-fontSizeMedium css-i4bv87-MuiSvgIcon-root"
                  data-testid="AccountCircleIcon"
                  focusable="false"
                  viewBox="0 0 24 24"
                >
                  <path
                    d="M12 2C6.48 2 2 6.48 2 12s4.48 10 10 10 10-4.48 10-10S17.52 2 12 2zm0 3c1.66 0 3 1.34 3 3s-1.34 3-3 3-3-1.34-3-3 1.34-3 3-3zm0 14.2c-2.5 0-4.71-1.28-6-3.22.03-1.99 4-3.08 6-3.08 1.99 0 5.97 1.09 6 3.08-1.29 1.94-3.5 3.22-6 3.22z"
                  />
                </svg>
                <span
                  class="MuiTouchRipple-root css-8je8zh-MuiTouchRipple-root"
                />
              </button>
            </div>
          </div>
        </header>
        <div
          class="MuiDrawer-root MuiDrawer-docked css-14vd0f8-MuiDrawer-docked"
        >
          <div
            class="MuiPaper-root MuiPaper-elevation MuiPaper-elevation0 MuiDrawer-paper MuiDrawer-paperAnchorLeft MuiDrawer-paperAnchorDockedLeft css-12i7wg6-MuiPaper-root-MuiDrawer-paper"
          >
            <div
              class="sc-hKwDye kjNtcL"
            >
              <button
                class="MuiButtonBase-root MuiIconButton-root MuiIconButton-sizeMedium css-78trlr-MuiButtonBase-root-MuiIconButton-root"
                tabindex="0"
                type="button"
              >
                <svg
                  aria-hidden="true"
                  class="MuiSvgIcon-root MuiSvgIcon-fontSizeMedium css-i4bv87-MuiSvgIcon-root"
                  data-testid="MenuIcon"
                  focusable="false"
                  viewBox="0 0 24 24"
                >
                  <path
                    d="M3 18h18v-2H3v2zm0-5h18v-2H3v2zm0-7v2h18V6H3z"
                  />
                </svg>
                <span
                  class="MuiTouchRipple-root css-8je8zh-MuiTouchRipple-root"
                />
              </button>
            </div>
            <div
              class="sc-dkPtRN MAMWj"
            >
              <ul
                class="MuiList-root MuiList-padding css-h4y409-MuiList-root"
              />
            </div>
          </div>
        </div>
        <div
          class="sc-jRQBWg"
        />
      </div>
    </div>
    <div
      aria-hidden="true"
      class="MuiModal-root MuiModal-hidden MuiPopover-root MuiMenu-root css-6f6ff7-MuiModal-root-MuiPopover-root-MuiMenu-root"
      id="menu-appbar"
      role="presentation"
    >
      <div
        aria-hidden="true"
        class="MuiBackdrop-root MuiBackdrop-invisible css-g3hgs1-MuiBackdrop-root-MuiModal-backdrop"
        style="opacity: 0; visibility: hidden;"
      />
      <div
        data-test="sentinelStart"
        tabindex="0"
      />
      <div
        class="MuiPaper-root MuiPaper-elevation MuiPaper-rounded MuiPaper-elevation1 MuiMenu-paper MuiPaper-root MuiPaper-elevation MuiPaper-rounded MuiPaper-elevation8 MuiPopover-paper css-1poimk-MuiPaper-root-MuiMenu-paper-MuiPaper-root-MuiPopover-paper"
        style="opacity: 0; transform: scale(0.75, 0.5625); visibility: hidden;"
        tabindex="-1"
      >
        <ul
          class="MuiList-root MuiList-padding MuiMenu-list css-6hp17o-MuiList-root-MuiMenu-list"
          role="menu"
          tabindex="-1"
        >
          <ul
            class="MuiList-root MuiList-padding css-h4y409-MuiList-root"
          >
            <div
              class="MuiList-root MuiList-padding css-h4y409-MuiList-root"
              style="margin-left: 0px;"
            >
              <li
                class="MuiListItem-root MuiListItem-gutters MuiListItem-padding css-qrjiie-MuiListItem-root"
                style="color: black;"
              >
                <div
                  class="MuiListItemText-root css-tlelie-MuiListItemText-root"
                >
                  <span
                    class="MuiTypography-root MuiTypography-body1 MuiListItemText-primary css-10hburv-MuiTypography-root"
                  >
                    account Setting
                  </span>
                </div>
              </li>
            </div>
            <div
              class="MuiList-root MuiList-padding css-h4y409-MuiList-root"
              style="margin-left: 0px;"
            >
              <li
                class="MuiListItem-root MuiListItem-gutters MuiListItem-padding css-qrjiie-MuiListItem-root"
                style="color: black;"
              >
                <div
                  class="MuiListItemText-root css-tlelie-MuiListItemText-root"
                >
                  <span
                    class="MuiTypography-root MuiTypography-body1 MuiListItemText-primary css-10hburv-MuiTypography-root"
                  >
                    logout
                  </span>
                </div>
              </li>
            </div>
            <div
              class="MuiList-root MuiList-padding css-h4y409-MuiList-root"
              style="margin-left: 0px;"
            >
              <li
                class="MuiListItem-root MuiListItem-gutters MuiListItem-padding css-qrjiie-MuiListItem-root"
                style="color: black;"
              >
                <div
                  class="MuiListItemText-root css-tlelie-MuiListItemText-root"
                >
                  <span
                    class="MuiTypography-root MuiTypography-body1 MuiListItemText-primary css-10hburv-MuiTypography-root"
                  >
                    language
                  </span>
                </div>
                <div
                  class="sc-gsDKAQ bDgidh"
                >
                  <svg
                    aria-hidden="true"
                    class="MuiSvgIcon-root MuiSvgIcon-fontSizeMedium css-i4bv87-MuiSvgIcon-root"
                    data-testid="KeyboardArrowDownIcon"
                    focusable="false"
                    viewBox="0 0 24 24"
                  >
                    <path
                      d="M7.41 8.59L12 13.17l4.59-4.58L18 10l-6 6-6-6 1.41-1.41z"
                    />
                  </svg>
                </div>
              </li>
            </div>
          </ul>
        </ul>
      </div>
      <div
        data-test="sentinelEnd"
        tabindex="0"
      />
    </div>
    <div>
      <div
        class="sc-eCImPb"
      >
        <header
          class="MuiPaper-root MuiPaper-elevation MuiPaper-elevation4 MuiAppBar-root MuiAppBar-colorInherit MuiAppBar-positionFixed mui-fixed css-lgkwnz-MuiPaper-root-MuiAppBar-root"
          style="box-shadow: none; border-bottom: 1px solid gray;"
        >
          <div
            class="MuiToolbar-root MuiToolbar-gutters MuiToolbar-regular css-1t29gy6-MuiToolbar-root"
            style="margin-left: 30px;"
          >
            <svg
              aria-hidden="true"
              class="MuiSvgIcon-root MuiSvgIcon-fontSizeMedium css-i4bv87-MuiSvgIcon-root"
              data-testid="ShopIcon"
              focusable="false"
              viewBox="0 0 24 24"
            >
              <path
                d="M16 6V4c0-1.11-.89-2-2-2h-4c-1.11 0-2 .89-2 2v2H2v13c0 1.11.89 2 2 2h16c1.11 0 2-.89 2-2V6h-6zm-6-2h4v2h-4V4zM9 18V9l7.5 4L9 18z"
              />
            </svg>
            <div
              class="MuiTypography-root MuiTypography-h6 MuiTypography-noWrap css-8u39c-MuiTypography-root"
            >
              partner home
            </div>
            <div
              class="sc-bdvvtL eGIzEi"
            >
              <div
                class="MuiTypography-root MuiTypography-h6 css-2ulfj5-MuiTypography-root"
              >
                ankita
              </div>
              <button
                aria-controls="menu-appbar"
                aria-haspopup="true"
                aria-label="account of current user"
                class="MuiButtonBase-root MuiIconButton-root MuiIconButton-colorInherit MuiIconButton-sizeLarge css-1pz7awu-MuiButtonBase-root-MuiIconButton-root"
                tabindex="0"
                type="button"
              >
                <svg
                  aria-hidden="true"
                  class="MuiSvgIcon-root MuiSvgIcon-fontSizeMedium css-i4bv87-MuiSvgIcon-root"
                  data-testid="AccountCircleIcon"
                  focusable="false"
                  viewBox="0 0 24 24"
                >
                  <path
                    d="M12 2C6.48 2 2 6.48 2 12s4.48 10 10 10 10-4.48 10-10S17.52 2 12 2zm0 3c1.66 0 3 1.34 3 3s-1.34 3-3 3-3-1.34-3-3 1.34-3 3-3zm0 14.2c-2.5 0-4.71-1.28-6-3.22.03-1.99 4-3.08 6-3.08 1.99 0 5.97 1.09 6 3.08-1.29 1.94-3.5 3.22-6 3.22z"
                  />
                </svg>
                <span
                  class="MuiTouchRipple-root css-8je8zh-MuiTouchRipple-root"
                />
              </button>
            </div>
          </div>
        </header>
        <div
          class="MuiDrawer-root MuiDrawer-docked css-14vd0f8-MuiDrawer-docked"
        >
          <div
            class="MuiPaper-root MuiPaper-elevation MuiPaper-elevation0 MuiDrawer-paper MuiDrawer-paperAnchorLeft MuiDrawer-paperAnchorDockedLeft css-12i7wg6-MuiPaper-root-MuiDrawer-paper"
          >
            <div
              class="sc-hKwDye kjNtcL"
            >
              <button
                class="MuiButtonBase-root MuiIconButton-root MuiIconButton-sizeMedium css-78trlr-MuiButtonBase-root-MuiIconButton-root"
                tabindex="0"
                type="button"
              >
                <svg
                  aria-hidden="true"
                  class="MuiSvgIcon-root MuiSvgIcon-fontSizeMedium css-i4bv87-MuiSvgIcon-root"
                  data-testid="MenuIcon"
                  focusable="false"
                  viewBox="0 0 24 24"
                >
                  <path
                    d="M3 18h18v-2H3v2zm0-5h18v-2H3v2zm0-7v2h18V6H3z"
                  />
                </svg>
                <span
                  class="MuiTouchRipple-root css-8je8zh-MuiTouchRipple-root"
                />
              </button>
            </div>
            <div
              class="sc-dkPtRN MAMWj"
            >
              <ul
                class="MuiList-root MuiList-padding css-h4y409-MuiList-root"
              />
            </div>
          </div>
        </div>
        <div
          class="sc-jRQBWg"
        />
      </div>
    </div>
    <div
      aria-hidden="true"
      class="MuiModal-root MuiModal-hidden MuiPopover-root MuiMenu-root css-6f6ff7-MuiModal-root-MuiPopover-root-MuiMenu-root"
      id="menu-appbar"
      role="presentation"
    >
      <div
        aria-hidden="true"
        class="MuiBackdrop-root MuiBackdrop-invisible css-g3hgs1-MuiBackdrop-root-MuiModal-backdrop"
        style="opacity: 0; visibility: hidden;"
      />
      <div
        data-test="sentinelStart"
        tabindex="0"
      />
      <div
        class="MuiPaper-root MuiPaper-elevation MuiPaper-rounded MuiPaper-elevation1 MuiMenu-paper MuiPaper-root MuiPaper-elevation MuiPaper-rounded MuiPaper-elevation8 MuiPopover-paper css-1poimk-MuiPaper-root-MuiMenu-paper-MuiPaper-root-MuiPopover-paper"
        style="opacity: 0; transform: scale(0.75, 0.5625); visibility: hidden;"
        tabindex="-1"
      >
        <ul
          class="MuiList-root MuiList-padding MuiMenu-list css-6hp17o-MuiList-root-MuiMenu-list"
          role="menu"
          tabindex="-1"
        >
          <ul
            class="MuiList-root MuiList-padding css-h4y409-MuiList-root"
          >
            <div
              class="MuiList-root MuiList-padding css-h4y409-MuiList-root"
              style="margin-left: 0px;"
            >
              <li
                class="MuiListItem-root MuiListItem-gutters MuiListItem-padding css-qrjiie-MuiListItem-root"
                style="color: black;"
              >
                <div
                  class="MuiListItemText-root css-tlelie-MuiListItemText-root"
                >
                  <span
                    class="MuiTypography-root MuiTypography-body1 MuiListItemText-primary css-10hburv-MuiTypography-root"
                  >
                    account Setting
                  </span>
                </div>
              </li>
            </div>
            <div
              class="MuiList-root MuiList-padding css-h4y409-MuiList-root"
              style="margin-left: 0px;"
            >
              <li
                class="MuiListItem-root MuiListItem-gutters MuiListItem-padding css-qrjiie-MuiListItem-root"
                style="color: black;"
              >
                <div
                  class="MuiListItemText-root css-tlelie-MuiListItemText-root"
                >
                  <span
                    class="MuiTypography-root MuiTypography-body1 MuiListItemText-primary css-10hburv-MuiTypography-root"
                  >
                    logout
                  </span>
                </div>
              </li>
            </div>
            <div
              class="MuiList-root MuiList-padding css-h4y409-MuiList-root"
              style="margin-left: 0px;"
            >
              <li
                class="MuiListItem-root MuiListItem-gutters MuiListItem-padding css-qrjiie-MuiListItem-root"
                style="color: black;"
              >
                <div
                  class="MuiListItemText-root css-tlelie-MuiListItemText-root"
                >
                  <span
                    class="MuiTypography-root MuiTypography-body1 MuiListItemText-primary css-10hburv-MuiTypography-root"
                  >
                    language
                  </span>
                </div>
                <div
                  class="sc-gsDKAQ bDgidh"
                >
                  <svg
                    aria-hidden="true"
                    class="MuiSvgIcon-root MuiSvgIcon-fontSizeMedium css-i4bv87-MuiSvgIcon-root"
                    data-testid="KeyboardArrowDownIcon"
                    focusable="false"
                    viewBox="0 0 24 24"
                  >
                    <path
                      d="M7.41 8.59L12 13.17l4.59-4.58L18 10l-6 6-6-6 1.41-1.41z"
                    />
                  </svg>
                </div>
              </li>
            </div>
          </ul>
        </ul>
      </div>
      <div
        data-test="sentinelEnd"
        tabindex="0"
      />
    </div>
  </body>,
  "container": <div>
    <div
      class="sc-eCImPb"
    >
      <header
        class="MuiPaper-root MuiPaper-elevation MuiPaper-elevation4 MuiAppBar-root MuiAppBar-colorInherit MuiAppBar-positionFixed mui-fixed css-lgkwnz-MuiPaper-root-MuiAppBar-root"
        style="box-shadow: none; border-bottom: 1px solid gray;"
      >
        <div
          class="MuiToolbar-root MuiToolbar-gutters MuiToolbar-regular css-1t29gy6-MuiToolbar-root"
          style="margin-left: 30px;"
        >
          <svg
            aria-hidden="true"
            class="MuiSvgIcon-root MuiSvgIcon-fontSizeMedium css-i4bv87-MuiSvgIcon-root"
            data-testid="ShopIcon"
            focusable="false"
            viewBox="0 0 24 24"
          >
            <path
              d="M16 6V4c0-1.11-.89-2-2-2h-4c-1.11 0-2 .89-2 2v2H2v13c0 1.11.89 2 2 2h16c1.11 0 2-.89 2-2V6h-6zm-6-2h4v2h-4V4zM9 18V9l7.5 4L9 18z"
            />
          </svg>
          <div
            class="MuiTypography-root MuiTypography-h6 MuiTypography-noWrap css-8u39c-MuiTypography-root"
          >
            partner home
          </div>
          <div
            class="sc-bdvvtL eGIzEi"
          >
            <div
              class="MuiTypography-root MuiTypography-h6 css-2ulfj5-MuiTypography-root"
            >
              ankita
            </div>
            <button
              aria-controls="menu-appbar"
              aria-haspopup="true"
              aria-label="account of current user"
              class="MuiButtonBase-root MuiIconButton-root MuiIconButton-colorInherit MuiIconButton-sizeLarge css-1pz7awu-MuiButtonBase-root-MuiIconButton-root"
              tabindex="0"
              type="button"
            >
              <svg
                aria-hidden="true"
                class="MuiSvgIcon-root MuiSvgIcon-fontSizeMedium css-i4bv87-MuiSvgIcon-root"
                data-testid="AccountCircleIcon"
                focusable="false"
                viewBox="0 0 24 24"
              >
                <path
                  d="M12 2C6.48 2 2 6.48 2 12s4.48 10 10 10 10-4.48 10-10S17.52 2 12 2zm0 3c1.66 0 3 1.34 3 3s-1.34 3-3 3-3-1.34-3-3 1.34-3 3-3zm0 14.2c-2.5 0-4.71-1.28-6-3.22.03-1.99 4-3.08 6-3.08 1.99 0 5.97 1.09 6 3.08-1.29 1.94-3.5 3.22-6 3.22z"
                />
              </svg>
              <span
                class="MuiTouchRipple-root css-8je8zh-MuiTouchRipple-root"
              />
            </button>
          </div>
        </div>
      </header>
      <div
        class="MuiDrawer-root MuiDrawer-docked css-14vd0f8-MuiDrawer-docked"
      >
        <div
          class="MuiPaper-root MuiPaper-elevation MuiPaper-elevation0 MuiDrawer-paper MuiDrawer-paperAnchorLeft MuiDrawer-paperAnchorDockedLeft css-12i7wg6-MuiPaper-root-MuiDrawer-paper"
        >
          <div
            class="sc-hKwDye kjNtcL"
          >
            <button
              class="MuiButtonBase-root MuiIconButton-root MuiIconButton-sizeMedium css-78trlr-MuiButtonBase-root-MuiIconButton-root"
              tabindex="0"
              type="button"
            >
              <svg
                aria-hidden="true"
                class="MuiSvgIcon-root MuiSvgIcon-fontSizeMedium css-i4bv87-MuiSvgIcon-root"
                data-testid="MenuIcon"
                focusable="false"
                viewBox="0 0 24 24"
              >
                <path
                  d="M3 18h18v-2H3v2zm0-5h18v-2H3v2zm0-7v2h18V6H3z"
                />
              </svg>
              <span
                class="MuiTouchRipple-root css-8je8zh-MuiTouchRipple-root"
              />
            </button>
          </div>
          <div
            class="sc-dkPtRN MAMWj"
          >
            <ul
              class="MuiList-root MuiList-padding css-h4y409-MuiList-root"
            />
          </div>
        </div>
      </div>
      <div
        class="sc-jRQBWg"
      />
    </div>
  </div>,
  "debug": [Function],
  "findAllByAltText": [Function],
  "findAllByDisplayValue": [Function],
  "findAllByLabelText": [Function],
  "findAllByPlaceholderText": [Function],
  "findAllByRole": [Function],
  "findAllByTestId": [Function],
  "findAllByText": [Function],
  "findAllByTitle": [Function],
  "findByAltText": [Function],
  "findByDisplayValue": [Function],
  "findByLabelText": [Function],
  "findByPlaceholderText": [Function],
  "findByRole": [Function],
  "findByTestId": [Function],
  "findByText": [Function],
  "findByTitle": [Function],
  "getAllByAltText": [Function],
  "getAllByDisplayValue": [Function],
  "getAllByLabelText": [Function],
  "getAllByPlaceholderText": [Function],
  "getAllByRole": [Function],
  "getAllByTestId": [Function],
  "getAllByText": [Function],
  "getAllByTitle": [Function],
  "getByAltText": [Function],
  "getByDisplayValue": [Function],
  "getByLabelText": [Function],
  "getByPlaceholderText": [Function],
  "getByRole": [Function],
  "getByTestId": [Function],
  "getByText": [Function],
  "getByTitle": [Function],
  "queryAllByAltText": [Function],
  "queryAllByDisplayValue": [Function],
  "queryAllByLabelText": [Function],
  "queryAllByPlaceholderText": [Function],
  "queryAllByRole": [Function],
  "queryAllByTestId": [Function],
  "queryAllByText": [Function],
  "queryAllByTitle": [Function],
  "queryByAltText": [Function],
  "queryByDisplayValue": [Function],
  "queryByLabelText": [Function],
  "queryByPlaceholderText": [Function],
  "queryByRole": [Function],
  "queryByTestId": [Function],
  "queryByText": [Function],
  "queryByTitle": [Function],
  "rerender": [Function],
  "unmount": [Function],
}
`;
